// Jest Snapshot v1, https://goo.gl/fbAQLP

exports[`SidebarMenu component should match snapshot 1`] = `
ShallowWrapper {
  Symbol(enzyme.__root__): [Circular],
  Symbol(enzyme.__unrendered__): <SidebarMenu
    currentLocation=""
  />,
  Symbol(enzyme.__renderer__): Object {
    "batchedUpdates": [Function],
    "checkPropTypes": [Function],
    "getNode": [Function],
    "render": [Function],
    "simulateError": [Function],
    "simulateEvent": [Function],
    "unmount": [Function],
  },
  Symbol(enzyme.__node__): Object {
    "instance": null,
    "key": undefined,
    "nodeType": "function",
    "props": Object {
      "children": Array [
        <ForwardRef />,
        <ForwardRef
          active={false}
          onClick={[Function]}
        >
          <ForwardRef />
          NEWS
        </ForwardRef>,
        <ForwardRef
          active={false}
          onClick={[Function]}
        >
          <ForwardRef />
          OUR VISION
        </ForwardRef>,
        <ForwardRef
          active={false}
          onClick={[Function]}
        >
          <ForwardRef />
          CONTACT
        </ForwardRef>,
      ],
    },
    "ref": null,
    "rendered": Array [
      Object {
        "instance": null,
        "key": undefined,
        "nodeType": "function",
        "props": Object {},
        "ref": null,
        "rendered": null,
        "type": Object {
          "$$typeof": Symbol(react.forward_ref),
          "attrs": Array [],
          "componentStyle": ComponentStyle {
            "componentId": "sc-bwzfXH",
            "isStatic": true,
            "rules": Array [
              "
  height: ",
              "1.5625rem",
              ";
  box-shadow: 0 ",
              "0.625rem",
              " ",
              "0.9375rem",
              " ",
              "0.375rem",
              " rgba(159, 189, 204, 0.15);
  margin-bottom: ",
              "1.5625rem",
              ";
",
            ],
          },
          "displayName": "styled.div",
          "foldedComponentIds": Array [],
          "render": [Function],
          "styledComponentId": "sc-bwzfXH",
          "target": "div",
          "toString": [Function],
          "warnTooManyClasses": [Function],
          "withComponent": [Function],
        },
      },
      Object {
        "instance": null,
        "key": undefined,
        "nodeType": "function",
        "props": Object {
          "active": false,
          "children": Array [
            <ForwardRef />,
            "NEWS",
          ],
          "onClick": [Function],
        },
        "ref": null,
        "rendered": Array [
          Object {
            "instance": null,
            "key": undefined,
            "nodeType": "function",
            "props": Object {},
            "ref": null,
            "rendered": null,
            "type": Object {
              "$$typeof": Symbol(react.forward_ref),
              "attrs": Array [],
              "componentStyle": ComponentStyle {
                "componentId": "sc-bxivhb",
                "isStatic": true,
                "rules": Array [
                  "
  width: ",
                  "0.4375rem",
                  ";
  height: 100%;
  background-color: ",
                  "#06366f",
                  ";
  position: absolute;
  top: 0;
  left: -",
                  "2.5rem",
                  ";
",
                ],
              },
              "displayName": "styled.div",
              "foldedComponentIds": Array [],
              "render": [Function],
              "styledComponentId": "sc-bxivhb",
              "target": "div",
              "toString": [Function],
              "warnTooManyClasses": [Function],
              "withComponent": [Function],
            },
          },
          "NEWS",
        ],
        "type": Object {
          "$$typeof": Symbol(react.forward_ref),
          "attrs": Array [],
          "componentStyle": ComponentStyle {
            "componentId": "sc-htpNat",
            "isStatic": false,
            "rules": Array [
              "
  cursor: pointer;
  position: relative;
  height: ",
              "3.125rem",
              ";
  font-family: Roboto;
  font-size: ",
              "0.9375rem",
              ";
  color: ",
              "#06366f",
              ";
  list-style: none;
  letter-spacing: ",
              "0.125rem",
              ";
  padding-top: ",
              "0.3125rem",
              ";
  margin: 0 ",
              "0.3125rem",
              " ",
              "0.3125rem",
              " 0;
  text-align: left;

  ",
              [Function],
              ";

  :hover {
    opacity: 0.7;
  }
",
            ],
          },
          "displayName": "styled.li",
          "foldedComponentIds": Array [],
          "render": [Function],
          "styledComponentId": "sc-htpNat",
          "target": "li",
          "toString": [Function],
          "warnTooManyClasses": [Function],
          "withComponent": [Function],
        },
      },
      Object {
        "instance": null,
        "key": undefined,
        "nodeType": "function",
        "props": Object {
          "active": false,
          "children": Array [
            <ForwardRef />,
            "OUR VISION",
          ],
          "onClick": [Function],
        },
        "ref": null,
        "rendered": Array [
          Object {
            "instance": null,
            "key": undefined,
            "nodeType": "function",
            "props": Object {},
            "ref": null,
            "rendered": null,
            "type": Object {
              "$$typeof": Symbol(react.forward_ref),
              "attrs": Array [],
              "componentStyle": ComponentStyle {
                "componentId": "sc-bxivhb",
                "isStatic": true,
                "rules": Array [
                  "
  width: ",
                  "0.4375rem",
                  ";
  height: 100%;
  background-color: ",
                  "#06366f",
                  ";
  position: absolute;
  top: 0;
  left: -",
                  "2.5rem",
                  ";
",
                ],
              },
              "displayName": "styled.div",
              "foldedComponentIds": Array [],
              "render": [Function],
              "styledComponentId": "sc-bxivhb",
              "target": "div",
              "toString": [Function],
              "warnTooManyClasses": [Function],
              "withComponent": [Function],
            },
          },
          "OUR VISION",
        ],
        "type": Object {
          "$$typeof": Symbol(react.forward_ref),
          "attrs": Array [],
          "componentStyle": ComponentStyle {
            "componentId": "sc-htpNat",
            "isStatic": false,
            "rules": Array [
              "
  cursor: pointer;
  position: relative;
  height: ",
              "3.125rem",
              ";
  font-family: Roboto;
  font-size: ",
              "0.9375rem",
              ";
  color: ",
              "#06366f",
              ";
  list-style: none;
  letter-spacing: ",
              "0.125rem",
              ";
  padding-top: ",
              "0.3125rem",
              ";
  margin: 0 ",
              "0.3125rem",
              " ",
              "0.3125rem",
              " 0;
  text-align: left;

  ",
              [Function],
              ";

  :hover {
    opacity: 0.7;
  }
",
            ],
          },
          "displayName": "styled.li",
          "foldedComponentIds": Array [],
          "render": [Function],
          "styledComponentId": "sc-htpNat",
          "target": "li",
          "toString": [Function],
          "warnTooManyClasses": [Function],
          "withComponent": [Function],
        },
      },
      Object {
        "instance": null,
        "key": undefined,
        "nodeType": "function",
        "props": Object {
          "active": false,
          "children": Array [
            <ForwardRef />,
            "CONTACT",
          ],
          "onClick": [Function],
        },
        "ref": null,
        "rendered": Array [
          Object {
            "instance": null,
            "key": undefined,
            "nodeType": "function",
            "props": Object {},
            "ref": null,
            "rendered": null,
            "type": Object {
              "$$typeof": Symbol(react.forward_ref),
              "attrs": Array [],
              "componentStyle": ComponentStyle {
                "componentId": "sc-bxivhb",
                "isStatic": true,
                "rules": Array [
                  "
  width: ",
                  "0.4375rem",
                  ";
  height: 100%;
  background-color: ",
                  "#06366f",
                  ";
  position: absolute;
  top: 0;
  left: -",
                  "2.5rem",
                  ";
",
                ],
              },
              "displayName": "styled.div",
              "foldedComponentIds": Array [],
              "render": [Function],
              "styledComponentId": "sc-bxivhb",
              "target": "div",
              "toString": [Function],
              "warnTooManyClasses": [Function],
              "withComponent": [Function],
            },
          },
          "CONTACT",
        ],
        "type": Object {
          "$$typeof": Symbol(react.forward_ref),
          "attrs": Array [],
          "componentStyle": ComponentStyle {
            "componentId": "sc-htpNat",
            "isStatic": false,
            "rules": Array [
              "
  cursor: pointer;
  position: relative;
  height: ",
              "3.125rem",
              ";
  font-family: Roboto;
  font-size: ",
              "0.9375rem",
              ";
  color: ",
              "#06366f",
              ";
  list-style: none;
  letter-spacing: ",
              "0.125rem",
              ";
  padding-top: ",
              "0.3125rem",
              ";
  margin: 0 ",
              "0.3125rem",
              " ",
              "0.3125rem",
              " 0;
  text-align: left;

  ",
              [Function],
              ";

  :hover {
    opacity: 0.7;
  }
",
            ],
          },
          "displayName": "styled.li",
          "foldedComponentIds": Array [],
          "render": [Function],
          "styledComponentId": "sc-htpNat",
          "target": "li",
          "toString": [Function],
          "warnTooManyClasses": [Function],
          "withComponent": [Function],
        },
      },
    ],
    "type": Object {
      "$$typeof": Symbol(react.forward_ref),
      "attrs": Array [],
      "componentStyle": ComponentStyle {
        "componentId": "sc-bdVaJa",
        "isStatic": true,
        "rules": Array [
          "
  background: ",
          "#FFF",
          ";
  height: 100vh;
",
        ],
      },
      "displayName": "styled.ul",
      "foldedComponentIds": Array [],
      "render": [Function],
      "styledComponentId": "sc-bdVaJa",
      "target": "ul",
      "toString": [Function],
      "warnTooManyClasses": [Function],
      "withComponent": [Function],
    },
  },
  Symbol(enzyme.__nodes__): Array [
    Object {
      "instance": null,
      "key": undefined,
      "nodeType": "function",
      "props": Object {
        "children": Array [
          <ForwardRef />,
          <ForwardRef
            active={false}
            onClick={[Function]}
          >
            <ForwardRef />
            NEWS
          </ForwardRef>,
          <ForwardRef
            active={false}
            onClick={[Function]}
          >
            <ForwardRef />
            OUR VISION
          </ForwardRef>,
          <ForwardRef
            active={false}
            onClick={[Function]}
          >
            <ForwardRef />
            CONTACT
          </ForwardRef>,
        ],
      },
      "ref": null,
      "rendered": Array [
        Object {
          "instance": null,
          "key": undefined,
          "nodeType": "function",
          "props": Object {},
          "ref": null,
          "rendered": null,
          "type": Object {
            "$$typeof": Symbol(react.forward_ref),
            "attrs": Array [],
            "componentStyle": ComponentStyle {
              "componentId": "sc-bwzfXH",
              "isStatic": true,
              "rules": Array [
                "
  height: ",
                "1.5625rem",
                ";
  box-shadow: 0 ",
                "0.625rem",
                " ",
                "0.9375rem",
                " ",
                "0.375rem",
                " rgba(159, 189, 204, 0.15);
  margin-bottom: ",
                "1.5625rem",
                ";
",
              ],
            },
            "displayName": "styled.div",
            "foldedComponentIds": Array [],
            "render": [Function],
            "styledComponentId": "sc-bwzfXH",
            "target": "div",
            "toString": [Function],
            "warnTooManyClasses": [Function],
            "withComponent": [Function],
          },
        },
        Object {
          "instance": null,
          "key": undefined,
          "nodeType": "function",
          "props": Object {
            "active": false,
            "children": Array [
              <ForwardRef />,
              "NEWS",
            ],
            "onClick": [Function],
          },
          "ref": null,
          "rendered": Array [
            Object {
              "instance": null,
              "key": undefined,
              "nodeType": "function",
              "props": Object {},
              "ref": null,
              "rendered": null,
              "type": Object {
                "$$typeof": Symbol(react.forward_ref),
                "attrs": Array [],
                "componentStyle": ComponentStyle {
                  "componentId": "sc-bxivhb",
                  "isStatic": true,
                  "rules": Array [
                    "
  width: ",
                    "0.4375rem",
                    ";
  height: 100%;
  background-color: ",
                    "#06366f",
                    ";
  position: absolute;
  top: 0;
  left: -",
                    "2.5rem",
                    ";
",
                  ],
                },
                "displayName": "styled.div",
                "foldedComponentIds": Array [],
                "render": [Function],
                "styledComponentId": "sc-bxivhb",
                "target": "div",
                "toString": [Function],
                "warnTooManyClasses": [Function],
                "withComponent": [Function],
              },
            },
            "NEWS",
          ],
          "type": Object {
            "$$typeof": Symbol(react.forward_ref),
            "attrs": Array [],
            "componentStyle": ComponentStyle {
              "componentId": "sc-htpNat",
              "isStatic": false,
              "rules": Array [
                "
  cursor: pointer;
  position: relative;
  height: ",
                "3.125rem",
                ";
  font-family: Roboto;
  font-size: ",
                "0.9375rem",
                ";
  color: ",
                "#06366f",
                ";
  list-style: none;
  letter-spacing: ",
                "0.125rem",
                ";
  padding-top: ",
                "0.3125rem",
                ";
  margin: 0 ",
                "0.3125rem",
                " ",
                "0.3125rem",
                " 0;
  text-align: left;

  ",
                [Function],
                ";

  :hover {
    opacity: 0.7;
  }
",
              ],
            },
            "displayName": "styled.li",
            "foldedComponentIds": Array [],
            "render": [Function],
            "styledComponentId": "sc-htpNat",
            "target": "li",
            "toString": [Function],
            "warnTooManyClasses": [Function],
            "withComponent": [Function],
          },
        },
        Object {
          "instance": null,
          "key": undefined,
          "nodeType": "function",
          "props": Object {
            "active": false,
            "children": Array [
              <ForwardRef />,
              "OUR VISION",
            ],
            "onClick": [Function],
          },
          "ref": null,
          "rendered": Array [
            Object {
              "instance": null,
              "key": undefined,
              "nodeType": "function",
              "props": Object {},
              "ref": null,
              "rendered": null,
              "type": Object {
                "$$typeof": Symbol(react.forward_ref),
                "attrs": Array [],
                "componentStyle": ComponentStyle {
                  "componentId": "sc-bxivhb",
                  "isStatic": true,
                  "rules": Array [
                    "
  width: ",
                    "0.4375rem",
                    ";
  height: 100%;
  background-color: ",
                    "#06366f",
                    ";
  position: absolute;
  top: 0;
  left: -",
                    "2.5rem",
                    ";
",
                  ],
                },
                "displayName": "styled.div",
                "foldedComponentIds": Array [],
                "render": [Function],
                "styledComponentId": "sc-bxivhb",
                "target": "div",
                "toString": [Function],
                "warnTooManyClasses": [Function],
                "withComponent": [Function],
              },
            },
            "OUR VISION",
          ],
          "type": Object {
            "$$typeof": Symbol(react.forward_ref),
            "attrs": Array [],
            "componentStyle": ComponentStyle {
              "componentId": "sc-htpNat",
              "isStatic": false,
              "rules": Array [
                "
  cursor: pointer;
  position: relative;
  height: ",
                "3.125rem",
                ";
  font-family: Roboto;
  font-size: ",
                "0.9375rem",
                ";
  color: ",
                "#06366f",
                ";
  list-style: none;
  letter-spacing: ",
                "0.125rem",
                ";
  padding-top: ",
                "0.3125rem",
                ";
  margin: 0 ",
                "0.3125rem",
                " ",
                "0.3125rem",
                " 0;
  text-align: left;

  ",
                [Function],
                ";

  :hover {
    opacity: 0.7;
  }
",
              ],
            },
            "displayName": "styled.li",
            "foldedComponentIds": Array [],
            "render": [Function],
            "styledComponentId": "sc-htpNat",
            "target": "li",
            "toString": [Function],
            "warnTooManyClasses": [Function],
            "withComponent": [Function],
          },
        },
        Object {
          "instance": null,
          "key": undefined,
          "nodeType": "function",
          "props": Object {
            "active": false,
            "children": Array [
              <ForwardRef />,
              "CONTACT",
            ],
            "onClick": [Function],
          },
          "ref": null,
          "rendered": Array [
            Object {
              "instance": null,
              "key": undefined,
              "nodeType": "function",
              "props": Object {},
              "ref": null,
              "rendered": null,
              "type": Object {
                "$$typeof": Symbol(react.forward_ref),
                "attrs": Array [],
                "componentStyle": ComponentStyle {
                  "componentId": "sc-bxivhb",
                  "isStatic": true,
                  "rules": Array [
                    "
  width: ",
                    "0.4375rem",
                    ";
  height: 100%;
  background-color: ",
                    "#06366f",
                    ";
  position: absolute;
  top: 0;
  left: -",
                    "2.5rem",
                    ";
",
                  ],
                },
                "displayName": "styled.div",
                "foldedComponentIds": Array [],
                "render": [Function],
                "styledComponentId": "sc-bxivhb",
                "target": "div",
                "toString": [Function],
                "warnTooManyClasses": [Function],
                "withComponent": [Function],
              },
            },
            "CONTACT",
          ],
          "type": Object {
            "$$typeof": Symbol(react.forward_ref),
            "attrs": Array [],
            "componentStyle": ComponentStyle {
              "componentId": "sc-htpNat",
              "isStatic": false,
              "rules": Array [
                "
  cursor: pointer;
  position: relative;
  height: ",
                "3.125rem",
                ";
  font-family: Roboto;
  font-size: ",
                "0.9375rem",
                ";
  color: ",
                "#06366f",
                ";
  list-style: none;
  letter-spacing: ",
                "0.125rem",
                ";
  padding-top: ",
                "0.3125rem",
                ";
  margin: 0 ",
                "0.3125rem",
                " ",
                "0.3125rem",
                " 0;
  text-align: left;

  ",
                [Function],
                ";

  :hover {
    opacity: 0.7;
  }
",
              ],
            },
            "displayName": "styled.li",
            "foldedComponentIds": Array [],
            "render": [Function],
            "styledComponentId": "sc-htpNat",
            "target": "li",
            "toString": [Function],
            "warnTooManyClasses": [Function],
            "withComponent": [Function],
          },
        },
      ],
      "type": Object {
        "$$typeof": Symbol(react.forward_ref),
        "attrs": Array [],
        "componentStyle": ComponentStyle {
          "componentId": "sc-bdVaJa",
          "isStatic": true,
          "rules": Array [
            "
  background: ",
            "#FFF",
            ";
  height: 100vh;
",
          ],
        },
        "displayName": "styled.ul",
        "foldedComponentIds": Array [],
        "render": [Function],
        "styledComponentId": "sc-bdVaJa",
        "target": "ul",
        "toString": [Function],
        "warnTooManyClasses": [Function],
        "withComponent": [Function],
      },
    },
  ],
  Symbol(enzyme.__options__): Object {
    "adapter": ReactSixteenAdapter {
      "options": Object {
        "enableComponentDidUpdateOnSetState": true,
        "legacyContextMode": "parent",
        "lifecycles": Object {
          "componentDidUpdate": Object {
            "onSetState": true,
          },
          "getChildContext": Object {
            "calledByRenderer": false,
          },
          "getDerivedStateFromError": true,
          "getDerivedStateFromProps": Object {
            "hasShouldComponentUpdateBug": false,
          },
          "getSnapshotBeforeUpdate": true,
          "setState": Object {
            "skipsComponentDidUpdateOnNullish": true,
          },
        },
      },
    },
    Symbol(enzyme.__providerValues__): undefined,
  },
  Symbol(enzyme.__providerValues__): Map {},
  Symbol(enzyme.__childContext__): null,
}
`;
